5
53
3
1
172
4
4
4
180
1
1
1
1
1
2
206
1
1
2
3
1
1
76
386
434
281
10
5
2
3
276
3
1
4
2
239
3
3
3
300
2
3
183
2
1
1
2
23
1
3
1
14
3
266
2
3
148
51
8
1
25
1
239
207
1
4
1
283
1
1
4
61
1
4
2
2
5
1
1
2
236
167
303
210
5
76
4
299
3
17
48
2
45
4
84
43
1
295
2
1
2
1
24
5
2
242
83
1
1
1
7
1
2
1
3
4
2
34
3
1
296
79
3
98
3
4
10
1
1
2
50
44
3
6
1
2
400
282
4
3
240
115
3
2
1
5
289
1
2
1
1
5
1
211
1
92
1
155
1
263
275
4
263
4
1
2
74
30
4
2
3
39
23
3
2
8
320
3
1
2
1
1
3
43
34
1
272
2
1
228
10
265
4
1
2
1
277
1
234
12
2
1
89
1
51
2
1
4
1
1
2
2
2
223
2
25
7
5
300
3
2
255
269
137
1
3
15
2
68
3
59
3
1
210
2
4
2
368
82
5
273
212
29
215
29
2
96
94
1
2
262
3
1
1
241
1
9
3
3
93
1
1
4
162
304
231
355
4
355
2
11
15
47
2
1
1
3
78
1
1
2
31
26
3
3
1
43
1
215
1
2
1
1
2
3
271
2
5
23
4
3
1
3
1
2
4
4
3
209
1
312
231
2
2
1
4
252
3
1
3
1
25
1
3
24
1
1
2
304
81
3
50
406
318
3
2
4
1
58
4
36
5
1
105
40
49
1
3
1
2
50
2
263
1
4
56
49
1
3
149
3
330
331
71
3
2
33
278
58
1
177
1
335
1
277
1
5
1
1
4
5
5
250
1
317
1
1
52
4
90
336
290
1
1
274
5
266
4
1
1
62
1
247
5
58
1
1
21
86
2
33
1
1
198
56
317
4
86
91
75
52
270
352
1
19
93
5
1
1
312
107
53
1
3
6
2
4
1
23
1
49
3
1
1
19
1
1
3
1
3
1
80
72
4
393
2
380
2
2
1
2
231
2
5
1
2
18
4
21
2
1
1
1
62
1
1
1
45
1
64
96
5
1
55
91
3
167
264
3
2
396
270
12
1
1
1
201
52
28
3
1
2
1
1
1
43
77
9
1
1
2
1
301
3
1
257
2
2
2
4
15
355
1
269
1
3
4
16
1
1
4
5
370
1
3
1
73
3
1
2
3
260
35
1
1
1
255
1
25
239
64
364
3
1
5
176
21
245
1
304
1
1
1
20
7
1
116
1
228
3
1
288
221
239
2
19
1
74
2
5
252
109
140
46
3
1
51
361
373
1
47
8
48
7
188
3
383
1
21
1
114
1
6
17
10
5
62
29
1
3
4
3
1
228
3
266
1
1
19
18
2
1
50
4
109
2
10
5
278
3
1
435
206
45
1
16
30
1
1
1
5
53
41
1
3
3
7
1
98
28
80
2
1
1
2
2
1
2
265
1
220
5
343
12
421
252
3
3
11
1
186
4
11
22
2
3
2
36
105
266
384
212
37
1
1
16
2
1
1
3
1
1
4
1
18
1
49
301
12
3
24
1
4
8
1
1
218
3
4
248
2
1
62
4
3
5
225
1
6
133
1
1
88
58
5
4
3
81
1
19
355
1
2
4
239
1
22
8
243
2
23
1
1
1
4
2
4
102
75
1
252
1
250
116
288
1
1
1
308
232
7
20
223
1
1
36
160
333
1
137
2
1
9
324
1
312
265
15
1
264
1
1
1
42
1
360
378
1
1
294
2
1
29
53
3
95
4
356
87
6
3
1
1
1
1
5
335
321
1
77
1
1
196
48
1
53
1
1
85
