1
5
326
1
1
9
23
1
243
3
1
27
40
146
13
4
6
2
205
1
33
178
1
24
29
1
2
4
5
1
2
54
13
4
14
46
1
1
1
394
1
1
10
7
156
2
16
38
2
271
1
2
1
1
3
246
3
3
203
8
30
56
1
5
1
1
331
4
275
3
1
4
13
157
1
2
6
76
26
246
4
10
197
17
1
191
12
3
286
1
1
1
7
302
24
2
3
7
177
1
258
66
1
170
2
352
70
191
20
8
3
210
2
375
19
14
1
28
2
11
1
10
1
8
2
14
3
237
3
9
3
2
1
177
2
1
1
1
37
6
2
1
1
16
20
3
191
1
8
4
4
26
5
10
1
11
191
5
203
13
1
324
1
1
1
2
137
2
26
354
6
364
1
2
13
1
10
17
1
1
1
6
1
3
4
227
274
1
1
2
136
247
1
1
78
2
224
30
1
296
30
8
2
1
2
82
310
35
268
2
196
1
263
12
37
10
19
3
2
1
19
1
310
302
1
6
235
17
32
1
3
318
373
3
1
188
2
1
1
8
3
5
27
1
132
5
15
1
4
158
1
6
23
2
1
161
107
6
1
23
1
202
1
4
2
216
2
8
261
20
242
209
302
29
38
91
2
28
297
1
11
1
1
371
12
3
8
1
11
1
285
164
277
230
164
256
66
1
12
3
213
48
1
1
276
193
3
256
32
2
8
3
6
1
3
3
25
142
199
1
296
3
2
1
26
1
31
102
1
1
185
1
8
10
1
1
45
311
214
1
49
2
291
4
1
230
1
7
8
3
1
2
76
1
326
145
241
34
18
1
139
315
1
12
1
26
1
6
13
7
227
1
164
10
273
14
7
8
286
368
122
18
312
237
1
1
1
1
1
88
2
1
1
274
43
15
1
311
11
1
31
22
5
11
5
279
27
1
18
40
205
5
1
1
2
1
4
2
1
52
303
1
4
2
33
1
48
257
14
214
10
15
181
1
24
283
1
1
1
3
5
26
3
2
258
3
30
1
1
289
156
4
2
1
1
6
8
1
4
146
1
11
11
5
1
380
2
16
8
233
21
3
1
115
11
1
10
4
11
1
219
1
1
15
7
2
142
4
3
4
4
3
2
2
1
183
1
1
12
1
3
31
6
5
1
10
1
243
10
30
1
147
1
5
1
3
2
1
277
1
39
26
227
1
4
2
2
186
283
2
385
29
282
23
4
49
3
26
2
248
1
382
2
9
5
1
3
1
2
3
1
296
1
6
1
3
312
229
1
158
34
177
2
39
1
163
2
33
407
106
225
1
255
8
361
1
27
3
192
227
2
2
22
31
1
5
1
1
1
225
3
7
4
6
268
2
25
191
179
1
1
228
339
1
15
219
4
180
8
9
1
2
4
401
10
4
3
6
2
194
1
5
2
255
3
1
10
1
1
269
1
15
115
5
145
3
1
248
37
343
5
1
10
2
2
24
30
1
2
1
2
24
4
15
5
1
12
169
312
358
33
37
1
7
1
6
1
6
1
2
11
216
2
15
22
144
27
2
11
2
5
140
1
1
39
4
1
342
13
225
2
1
1
21
2
325
8
20
8
241
1
27
19
1
14
189
39
2
13
192
4
1
193
1
4
291
1
3
2
230
7
3
10
353
9
3
207
176
329
178
23
6
3
5
8
1
3
1
2
8
1
4
1
1
336
18
1
20
31
1
270
2
26
3
18
1
32
173
17
153
1
2
1
1
1
191
42
120
1
5
274
314
1
1
145
9
4
6
1
1
1
1
331
290
14
5
2
210
335
37
324
10
3
6
2
