525
539
497
419
373
7
131
715
8
9
4
6
298
2
2
6
2
277
1
5
4
14
2
7
146
185
9
6
3
7
570
20
296
757
387
10
93
20
9
695
307
2
3
127
2
476
5
514
1
2
163
4
5
23
3
3
226
620
1
329
1
623
331
20
59
294
4
8
106
507
325
29
842
10
459
173
631
337
8
398
376
238
5
305
1
13
3
1
1
1
787
6
277
416
224
504
879
8
2
536
13
7
1
1
1
1
7
18
2
512
448
1
1
284
492
325
24
632
6
593
526
6
509
619
5
636
2
113
5
516
1
349
1
3
227
25
101
165
776
6
558
150
2
530
97
1
4
3
20
243
1
11
246
2
7
110
95
4
843
2
1
117
1
218
512
9
4
3
421
523
8
11
1
1
358
1
605
1
260
5
662
6
682
452
5
417
477
1
3
476
1
239
454
5
397
532
1
533
134
348
4
3
293
169
1
1
237
1
412
364
662
3
7
182
12
1
12
265
2
268
1
12
452
240
549
341
464
6
1
259
297
183
312
390
398
9
661
484
238
297
258
545
6
474
5
1
487
42
756
665
406
335
9
319
477
299
797
2
303
468
15
1
1
161
374
9
366
25
1
23
1
457
3
693
1
21
27
2
89
1
6
17
40
1
191
1
1
440
1
164
1
279
1
505
11
162
1
190
389
20
424
19
589
3
3
165
516
8
282
232
1
5
300
3
8
3
4
94
408
1
490
8
500
9
9
99
213
1
42
103
2
646
274
1
14
5
628
232
558
1
1
531
15
204
351
2
10
470
1
70
7
194
4
1
43
1
14
517
541
1
542
5
274
6
1
570
286
112
431
304
1
1
392
236
5
1
416
4
103
1
512
315
11
539
1
8
395
717
20
866
5
3
552
5
434
7
6
259
676
424
6
439
14
3
1
1
10
478
401
516
357
1
6
266
2
3
3
432
1
29
10
3
14
1
2
3
6
415
6
355
439
120
15
111
412
260
2
461
69
14
82
2
172
376
12
3
193
672
284
744
395
348
16
635
14
310
709
275
14
242
6
511
1
5
622
1
123
576
7
150
1
446
3
45
4
202
2
71
244
311
9
9
5
774
1
247
2
201
1
1
268
9
807
271
478
333
11
113
30
321
113
2
4
1
1
3
573
9
1
2
136
424
523
23
18
2
1
194
386
390
2
6
127
30
412
1
660
508
314
247
7
2
3
41
6
267
1
552
4
5
1
253
1
238
484
349
14
698
389
12
91
139
1
7
809
113
2
9
219
69
369
318
3
524
1
301
666
609
506
345
3
78
238
716
